// Jest Snapshot v1, https://goo.gl/fbAQLP

exports[`renderer: portal should update children 1`] = `"<div>teleported</div>"`;

exports[`renderer: portal should update children 2`] = `""`;

exports[`renderer: portal should update children 3`] = `"teleported"`;

exports[`renderer: portal should update target 1`] = `"<!----><!--[object Object]--><div>root</div><!---->"`;

exports[`renderer: portal should update target 2`] = `"<div>teleported</div>"`;

exports[`renderer: portal should update target 3`] = `""`;

exports[`renderer: portal should update target 4`] = `"<!----><!--[object Object]--><div>root</div><!---->"`;

exports[`renderer: portal should update target 5`] = `""`;

exports[`renderer: portal should update target 6`] = `"<div>teleported</div>"`;

exports[`renderer: portal should work 1`] = `"<!----><!--[object Object]--><div>root</div><!---->"`;

exports[`renderer: portal should work 2`] = `"<div>teleported</div>"`;
